Pc@limousine-rat MINGW64 ~
$ echo "# SI_2024_lab1_233295" >> README.md

Pc@limousine-rat MINGW64 ~
$ git init
Initialized empty Git repository in C:/Users/Pc/.git/

Pc@limousine-rat MINGW64 ~ (master)
$ git add README.md
warning: in the working copy of 'README.md', LF will be replaced by CRLF the next time Git touches it

Pc@limousine-rat MINGW64 ~ (master)
$ git commit -m "first commit"
Author identity unknown

*** Please tell me who you are.

Run

  git config --global user.email "you@example.com"
  git config --global user.name "Your Name"

to set your account's default identity.
Omit --global to set the identity only in this repository.

fatal: unable to auto-detect email address (got 'Pc@limousine-rat.(none)')

Pc@limousine-rat MINGW64 ~ (master)
$ git branch -M master

Pc@limousine-rat MINGW64 ~ (master)
$ git remote add origin https://github.com/kranoxje/SI_2024_lab1_233295.git

Pc@limousine-rat MINGW64 ~ (master)
$ git config  --global user.email "draganbuckovski@gmail.com
>
>
>
>
> ^C

Pc@limousine-rat MINGW64 ~ (master)
$ git commit -m "first commit"
Author identity unknown

*** Please tell me who you are.

Run

  git config --global user.email "you@example.com"
  git config --global user.name "Your Name"

to set your account's default identity.
Omit --global to set the identity only in this repository.

fatal: unable to auto-detect email address (got 'Pc@limousine-rat.(none)')

Pc@limousine-rat MINGW64 ~ (master)
$ git config --global user.name "kranoxje"

Pc@limousine-rat MINGW64 ~ (master)
$ git config --global user.email "draganbuckovski@gmail.com"

Pc@limousine-rat MINGW64 ~ (master)
$ git commit -m "first commit"
[master (root-commit) 6c773ac] first commit
 1 file changed, 1 insertion(+)
 create mode 100644 README.md

Pc@limousine-rat MINGW64 ~ (master)
$ git remote add origin https://github.com/kranoxje/SI_2024_lab1_233295.git
error: remote origin already exists.

Pc@limousine-rat MINGW64 ~ (master)
$ git remote -v
origin  https://github.com/kranoxje/SI_2024_lab1_233295.git (fetch)
origin  https://github.com/kranoxje/SI_2024_lab1_233295.git (push)

Pc@limousine-rat MINGW64 ~ (master)
$ git init
Reinitialized existing Git repository in C:/Users/Pc/.git/

Pc@limousine-rat MINGW64 ~ (master)
$ nano readme.md

Pc@limousine-rat MINGW64 ~ (master)
$ git add readme.md

Pc@limousine-rat MINGW64 ~ (master)
$ git commit -m "Initial commit"
warning: could not open directory 'Application Data/': Permission denied
warning: could not open directory 'Cookies/': Permission denied
warning: could not open directory 'Intel/': Permission denied
warning: could not open directory 'Local Settings/': Permission denied
warning: could not open directory 'My Documents/': Permission denied
warning: could not open directory 'NetHood/': Permission denied
warning: could not open directory 'PrintHood/': Permission denied
warning: could not open directory 'Recent/': Permission denied
warning: could not open directory 'SendTo/': Permission denied
warning: could not open directory 'Start Menu/': Permission denied
warning: could not open directory 'Templates/': Permission denied
On branch master
Changes not staged for commit:
  (use "git add <file>..." to update what will be committed)
  (use "git restore <file>..." to discard changes in working directory)
        modified:   README.md

Untracked files:
  (use "git add <file>..." to include in what will be committed)
        -1.14-windows.xml
        .bash_history
        .gitconfig
        .vscode/
        3D Objects/
        AppData/
        COPYING.txt
        Contacts/
        Desktop/
        Documents/
        Downloads/
        Favorites/
        GNS3.url
        IntelGraphicsProfiles/
        Links/
        Music/
        NTUSER.DAT
        NTUSER.DAT{53b39e87-18c4-11ea-a811-000d3aa4692b}.TxR.0.regtrans-ms
        NTUSER.DAT{53b39e87-18c4-11ea-a811-000d3aa4692b}.TxR.1.regtrans-ms
        NTUSER.DAT{53b39e87-18c4-11ea-a811-000d3aa4692b}.TxR.2.regtrans-ms
        NTUSER.DAT{53b39e87-18c4-11ea-a811-000d3aa4692b}.TxR.blf
        NTUSER.DAT{53b39e88-18c4-11ea-a811-000d3aa4692b}.TM.blf
        NTUSER.DAT{53b39e88-18c4-11ea-a811-000d3aa4692b}.TMContainer00000000000000000001.regtrans-ms
        NTUSER.DAT{53b39e88-18c4-11ea-a811-000d3aa4692b}.TMContainer00000000000000000002.regtrans-ms
        OneDrive/
        Pictures/
        Saved Games/
        Searches/
        Solar-PuTTY.exe
        Uninstall.exe
        Videos/
        appliances/
        cat.exe
        concrt140.dll
        configs/
        cpulimit/
        cyggcc_s-1.dll
        cygiconv-2.dll
        cygintl-8.dll
        cygwin1.dll
        cygz.dll
        devcon.exe
        disks/
        dynamips-start.cmd
        dynamips/
        frozen_application_license.txt
        gawk.exe
        gns3.exe
        gns3.ico
        gns3server.exe
        gns3vmnet.exe
        lib/
        loopback-manager.cmd
        msvcp140.dll
        msvcp140_1.dll
        msvcp140_2.dll
        network-device-list.cmd
        ntuser.dat.LOG1
        ntuser.dat.LOG2
        ntuser.ini
        putty_settings.reg
        putty_standalone.exe
        python3.dll
        python310.dll
        qemu-0.11.0/
        qemu-3.1.0/
        schemas/
        source/
        static/
        strings.exe
        symbols/
        tail.exe
        ttstart.macro
        tvnviewer.exe
        ubridge-0.9.12/
        ubridge.exe
        vcruntime140.dll
        vcruntime140_1.dll
        vmnet-manager.cmd
        vpcs-start.cmd
        vpcs/

no changes added to commit (use "git add" and/or "git commit -a")

Pc@limousine-rat MINGW64 ~ (master)
$ git add readme.md

Pc@limousine-rat MINGW64 ~ (master)
$ git log
commit 6c773aced150929b368c480d7a9e9b6cb6fb286b (HEAD -> master)
Author: kranoxje <draganbuckovski@gmail.com>
Date:   Tue Apr 16 19:10:14 2024 +0200

    first commit

Pc@limousine-rat MINGW64 ~ (master)
$ git add README.md
warning: in the working copy of 'README.md', LF will be replaced by CRLF the next time Git touches it

Pc@limousine-rat MINGW64 ~ (master)
$ nano README.md

Pc@limousine-rat MINGW64 ~ (master)
$ git add README.md

Pc@limousine-rat MINGW64 ~ (master)
$ git commit -m "Initial commit"
[master d81a589] Initial commit
 1 file changed, 1 insertion(+), 1 deletion(-)

Pc@limousine-rat MINGW64 ~ (master)
$ git log
commit d81a5894226fa9db8168eb30711b4226fa2224c7 (HEAD -> master)
Author: kranoxje <draganbuckovski@gmail.com>
Date:   Tue Apr 16 19:17:13 2024 +0200

    Initial commit

commit 6c773aced150929b368c480d7a9e9b6cb6fb286b
Author: kranoxje <draganbuckovski@gmail.com>
Date:   Tue Apr 16 19:10:14 2024 +0200

    first commit

Pc@limousine-rat MINGW64 ~ (master)
$ git log
commit d81a5894226fa9db8168eb30711b4226fa2224c7 (HEAD -> master)
Author: kranoxje <draganbuckovski@gmail.com>
Date:   Tue Apr 16 19:17:13 2024 +0200

    Initial commit

commit 6c773aced150929b368c480d7a9e9b6cb6fb286b
Author: kranoxje <draganbuckovski@gmail.com>
Date:   Tue Apr 16 19:10:14 2024 +0200

    first commit

Pc@limousine-rat MINGW64 ~ (master)
$ git rev-parse --show-toplevel
C:/Users/Pc

Pc@limousine-rat MINGW64 ~ (master)
$ git add SIlab1Main.java

Pc@limousine-rat MINGW64 ~ (master)
$ git add SILab1.java
fatal: pathspec 'SILab1.java' did not match any files

Pc@limousine-rat MINGW64 ~ (master)
$ git add SILab1Main.java
warning: in the working copy of 'SILab1Main.java', LF will be replaced by CRLF the next time Git touches it

Pc@limousine-rat MINGW64 ~ (master)
$ git add SILab1_1.java
warning: in the working copy of 'SILab1_1.java', LF will be replaced by CRLF the next time Git touches it

Pc@limousine-rat MINGW64 ~ (master)
$ git add SILab1_2.java
warning: in the working copy of 'SILab1_2.java', LF will be replaced by CRLF the next time Git touches it

Pc@limousine-rat MINGW64 ~ (master)
$ git commit -m "Add starter code"
[master e759b1e] Add starter code
 3 files changed, 47 insertions(+)
 create mode 100644 SILab1Main.java
 create mode 100644 SILab1_1.java
 create mode 100644 SILab1_2.java

Pc@limousine-rat MINGW64 ~ (master)
$ git log
commit e759b1e1d6b3a16ce4b69423381419c39dccd64b (HEAD -> master)
Author: kranoxje <draganbuckovski@gmail.com>
Date:   Tue Apr 16 19:32:26 2024 +0200

    Add starter code

commit d81a5894226fa9db8168eb30711b4226fa2224c7
Author: kranoxje <draganbuckovski@gmail.com>
Date:   Tue Apr 16 19:17:13 2024 +0200

    Initial commit

commit 6c773aced150929b368c480d7a9e9b6cb6fb286b
Author: kranoxje <draganbuckovski@gmail.com>
Date:   Tue Apr 16 19:10:14 2024 +0200

    first commit

Pc@limousine-rat MINGW64 ~ (master)
$ git push -all
error: did you mean `--all` (with two dashes)?

Pc@limousine-rat MINGW64 ~ (master)
$ git push --all
info: please complete authentication in your browser...
Enumerating objects: 11, done.
Counting objects: 100% (11/11), done.
Delta compression using up to 4 threads
Compressing objects: 100% (7/7), done.
Writing objects: 100% (11/11), 1.36 KiB | 463.00 KiB/s, done.
Total 11 (delta 0), reused 0 (delta 0), pack-reused 0 (from 0)
To https://github.com/kranoxje/SI_2024_lab1_233295.git
 * [new branch]      master -> master

Pc@limousine-rat MINGW64 ~ (master)
$ git push --all
Everything up-to-date

Pc@limousine-rat MINGW64 ~ (master)
$ git branch
* master

Pc@limousine-rat MINGW64 ~ (master)
$ git branch bug1

Pc@limousine-rat MINGW64 ~ (master)
$ git checkout bug1
M       SILab1_1.java
M       SILab1_2.java
Switched to branch 'bug1'

Pc@limousine-rat MINGW64 ~ (bug1)
$ git log
commit e759b1e1d6b3a16ce4b69423381419c39dccd64b (HEAD -> bug1, origin/master, master)
Author: kranoxje <draganbuckovski@gmail.com>
Date:   Tue Apr 16 19:32:26 2024 +0200

    Add starter code

commit d81a5894226fa9db8168eb30711b4226fa2224c7
Author: kranoxje <draganbuckovski@gmail.com>
Date:   Tue Apr 16 19:17:13 2024 +0200

    Initial commit

commit 6c773aced150929b368c480d7a9e9b6cb6fb286b
Author: kranoxje <draganbuckovski@gmail.com>
Date:   Tue Apr 16 19:10:14 2024 +0200

    first commit

Pc@limousine-rat MINGW64 ~ (bug1)
$ git add SILab1_1.java
warning: in the working copy of 'SILab1_1.java', LF will be replaced by CRLF the next time Git touches it

Pc@limousine-rat MINGW64 ~ (bug1)
$ git commit -m "Fix wrong condition in makeBigStringFrom."
[bug1 7cef24a] Fix wrong condition in makeBigStringFrom.
 1 file changed, 4 insertions(+), 4 deletions(-)

Pc@limousine-rat MINGW64 ~ (bug1)
$ git log
commit 7cef24a3dd3423919c182e31549db5f965fca996 (HEAD -> bug1)
Author: kranoxje <draganbuckovski@gmail.com>
Date:   Tue Apr 16 19:47:37 2024 +0200

    Fix wrong condition in makeBigStringFrom.

commit e759b1e1d6b3a16ce4b69423381419c39dccd64b (origin/master, master)
Author: kranoxje <draganbuckovski@gmail.com>
Date:   Tue Apr 16 19:32:26 2024 +0200

    Add starter code

commit d81a5894226fa9db8168eb30711b4226fa2224c7
Author: kranoxje <draganbuckovski@gmail.com>
Date:   Tue Apr 16 19:17:13 2024 +0200

    Initial commit

commit 6c773aced150929b368c480d7a9e9b6cb6fb286b
Author: kranoxje <draganbuckovski@gmail.com>
Date:   Tue Apr 16 19:10:14 2024 +0200

    first commit

Pc@limousine-rat MINGW64 ~ (bug1)
$ git checkout  master
M       SILab1_2.java
Switched to branch 'master'

Pc@limousine-rat MINGW64 ~ (master)
$ git branch bug2

Pc@limousine-rat MINGW64 ~ (master)
$ git checkout bug2
M       SILab1_2.java
Switched to branch 'bug2'

Pc@limousine-rat MINGW64 ~ (bug2)
$ git add SILab1_2.java
warning: in the working copy of 'SILab1_2.java', LF will be replaced by CRLF the next time Git touches it

Pc@limousine-rat MINGW64 ~ (bug2)
$ git checkout bug1
M       SILab1_2.java
Switched to branch 'bug1'

Pc@limousine-rat MINGW64 ~ (bug1)
$ git rebase -i
There is no tracking information for the current branch.
Please specify which branch you want to rebase against.
See git-rebase(1) for details.

    git rebase '<branch>'

If you wish to set tracking information for this branch you can do so with:

    git branch --set-upstream-to=<remote>/<branch> bug1


Pc@limousine-rat MINGW64 ~ (bug1)
$ git rebase -i bug1
error: cannot rebase: Your index contains uncommitted changes.
error: Please commit or stash them.

Pc@limousine-rat MINGW64 ~ (bug1)
$ git checkout bug2
M       SILab1_2.java
Switched to branch 'bug2'

Pc@limousine-rat MINGW64 ~ (bug2)
$ git commit -m "Fix wrong condition in makeBigStringFrom."
[bug2 25795de] Fix wrong condition in makeBigStringFrom.
 1 file changed, 5 insertions(+), 5 deletions(-)

Pc@limousine-rat MINGW64 ~ (bug2)
$ git checkout bug1
Switched to branch 'bug1'

Pc@limousine-rat MINGW64 ~ (bug1|REBASE)
$ git rebase -i bug1
fatal: It seems that there is already a rebase-merge directory, and
I wonder if you are in the middle of another rebase.  If that is the
case, please try
        git rebase (--continue | --abort | --skip)
If that is not the case, please
        rm -fr ".git/rebase-merge"
and run me again.  I am stopping in case you still have something
valuable there.


Pc@limousine-rat MINGW64 ~ (bug1|REBASE)
$ git rebase --continue
error: invalid command 'roop'
error: invalid line 1: roop
error: please fix this using 'git rebase --edit-todo'.

Pc@limousine-rat MINGW64 ~ (bug1|REBASE)
$ git rebase --edit-todo
error: invalid command 'roop'
error: invalid line 1: roop
error: invalid command 'roop'
error: invalid line 1: roop
You can fix this with 'git rebase --edit-todo' and then run 'git rebase --continue'.
Or you can abort the rebase with 'git rebase --abort'.

Pc@limousine-rat MINGW64 ~ (bug1|REBASE)
$ git rebase --abort

Pc@limousine-rat MINGW64 ~ (bug1)
$ git  log
commit 7cef24a3dd3423919c182e31549db5f965fca996 (HEAD -> bug1)
Author: kranoxje <draganbuckovski@gmail.com>
Date:   Tue Apr 16 19:47:37 2024 +0200

    Fix wrong condition in makeBigStringFrom.

commit e759b1e1d6b3a16ce4b69423381419c39dccd64b (origin/master, master)
Author: kranoxje <draganbuckovski@gmail.com>
Date:   Tue Apr 16 19:32:26 2024 +0200

    Add starter code

commit d81a5894226fa9db8168eb30711b4226fa2224c7
Author: kranoxje <draganbuckovski@gmail.com>
Date:   Tue Apr 16 19:17:13 2024 +0200

    Initial commit

commit 6c773aced150929b368c480d7a9e9b6cb6fb286b
Author: kranoxje <draganbuckovski@gmail.com>
Date:   Tue Apr 16 19:10:14 2024 +0200

    first commit

Pc@limousine-rat MINGW64 ~ (bug1)
$ git  rebase -i
There is no tracking information for the current branch.
Please specify which branch you want to rebase against.
See git-rebase(1) for details.

    git rebase '<branch>'

If you wish to set tracking information for this branch you can do so with:

    git branch --set-upstream-to=<remote>/<branch> bug1


Pc@limousine-rat MINGW64 ~ (bug1)
$ git  rebase bug1
Current branch bug1 is up to date.

Pc@limousine-rat MINGW64 ~ (bug1)
$ git commit --amend -m "New commit message"
[bug1 6046301] New commit message
 Date: Tue Apr 16 19:47:37 2024 +0200
 1 file changed, 4 insertions(+), 4 deletions(-)


Pc@limousine-rat MINGW64 ~ (bug1)
$ git commit --amend -m "Fix wrong condition in filterOddLengthStrings."
[bug1 a53872c] Fix wrong condition in filterOddLengthStrings.
 Date: Tue Apr 16 19:47:37 2024 +0200
 1 file changed, 4 insertions(+), 4 deletions(-)

Pc@limousine-rat MINGW64 ~ (bug1)
$ gitlog
bash: gitlog: command not found

Pc@limousine-rat MINGW64 ~ (bug1)
$ git log
commit a53872c6be39d402437a86e344ab4c6a34c6a9ec (HEAD -> bug1)
Author: kranoxje <draganbuckovski@gmail.com>
Date:   Tue Apr 16 19:47:37 2024 +0200

    Fix wrong condition in filterOddLengthStrings.

commit e759b1e1d6b3a16ce4b69423381419c39dccd64b (origin/master, master)
Author: kranoxje <draganbuckovski@gmail.com>
Date:   Tue Apr 16 19:32:26 2024 +0200

    Add starter code

commit d81a5894226fa9db8168eb30711b4226fa2224c7
Author: kranoxje <draganbuckovski@gmail.com>
Date:   Tue Apr 16 19:17:13 2024 +0200

    Initial commit

commit 6c773aced150929b368c480d7a9e9b6cb6fb286b
Author: kranoxje <draganbuckovski@gmail.com>
Date:   Tue Apr 16 19:10:14 2024 +0200

    first commit

Pc@limousine-rat MINGW64 ~ (bug1)
$ git checkout bug2
Switched to branch 'bug2'

Pc@limousine-rat MINGW64 ~ (bug2)
$ git log
commit 25795de76c96090bb4d4077b705b149e64633fcc (HEAD -> bug2)
Author: kranoxje <draganbuckovski@gmail.com>
Date:   Tue Apr 16 19:49:46 2024 +0200

    Fix wrong condition in makeBigStringFrom.

commit e759b1e1d6b3a16ce4b69423381419c39dccd64b (origin/master, master)
Author: kranoxje <draganbuckovski@gmail.com>
Date:   Tue Apr 16 19:32:26 2024 +0200

    Add starter code

commit d81a5894226fa9db8168eb30711b4226fa2224c7
Author: kranoxje <draganbuckovski@gmail.com>
Date:   Tue Apr 16 19:17:13 2024 +0200

    Initial commit

commit 6c773aced150929b368c480d7a9e9b6cb6fb286b
Author: kranoxje <draganbuckovski@gmail.com>
Date:   Tue Apr 16 19:10:14 2024 +0200

    first commit

Pc@limousine-rat MINGW64 ~ (bug2)
$ git checkout bug2
Already on 'bug2'

Pc@limousine-rat MINGW64 ~ (bug2)
$ git checkout bug1
Switched to branch 'bug1'

Pc@limousine-rat MINGW64 ~ (bug1)
$ git add SILabs1Main.java
fatal: pathspec 'SILabs1Main.java' did not match any files

Pc@limousine-rat MINGW64 ~ (bug1)
$ git add SILab1Main.java
warning: in the working copy of 'SILab1Main.java', LF will be replaced by CRLF the next time Git touches it

Pc@limousine-rat MINGW64 ~ (bug1)
$ git commit -m "Call method filterOddLengthStrings in main class."
[bug1 222c96c] Call method filterOddLengthStrings in main class.
 1 file changed, 1 insertion(+), 1 deletion(-)

Pc@limousine-rat MINGW64 ~ (bug1)
$ git checkout bug2
Switched to branch 'bug2'

Pc@limousine-rat MINGW64 ~ (bug2)
$ git add SILab1Main.java

Pc@limousine-rat MINGW64 ~ (bug2)
$ git add SILab1Main.java

Pc@limousine-rat MINGW64 ~ (bug2)
$ git commit -m "Call method makeBigStringFrom in main class."
[bug2 18a055b] Call method makeBigStringFrom in main class.
 1 file changed, 1 insertion(+), 1 deletion(-)

Pc@limousine-rat MINGW64 ~ (bug2)
$ git pull -all
error: did you mean `--all` (with two dashes)?

Pc@limousine-rat MINGW64 ~ (bug2)
$ git pull _-all
fatal: '_-all' does not appear to be a git repository
fatal: Could not read from remote repository.

Please make sure you have the correct access rights
and the repository exists.


Pc@limousine-rat MINGW64 ~ (bug2)
$ git pull origin master master
From https://github.com/kranoxje/SI_2024_lab1_233295
 * branch            master     -> FETCH_HEAD
 * branch            master     -> FETCH_HEAD
Already up to date.

Pc@limousine-rat MINGW64 ~ (bug2)
$ git checkout master
Switched to branch 'master'

Pc@limousine-rat MINGW64 ~ (master)
$ git merge bug1
Updating e759b1e..222c96c
Fast-forward
 SILab1Main.java | 2 +-
 SILab1_1.java   | 8 ++++----
 2 files changed, 5 insertions(+), 5 deletions(-)

Pc@limousine-rat MINGW64 ~ (master)
$ git pull origin master master
From https://github.com/kranoxje/SI_2024_lab1_233295
 * branch            master     -> FETCH_HEAD
 * branch            master     -> FETCH_HEAD
Already up to date.

Pc@limousine-rat MINGW64 ~ (master)
$ git pull origin master
From https://github.com/kranoxje/SI_2024_lab1_233295
 * branch            master     -> FETCH_HEAD
Already up to date.

Pc@limousine-rat MINGW64 ~ (master)
$ git checkout master
Already on 'master'

Pc@limousine-rat MINGW64 ~ (master)
$ git checkout bug2
Switched to branch 'bug2'

Pc@limousine-rat MINGW64 ~ (bug2)
$ git rebase master
Auto-merging SILab1Main.java
CONFLICT (content): Merge conflict in SILab1Main.java
error: could not apply 18a055b... Call method makeBigStringFrom in main class.
hint: Resolve all conflicts manually, mark them as resolved with
hint: "git add/rm <conflicted_files>", then run "git rebase --continue".
hint: You can instead skip this commit: run "git rebase --skip".
hint: To abort and get back to the state before "git rebase", run "git rebase --abort".
Could not apply 18a055b... Call method makeBigStringFrom in main class.

Pc@limousine-rat MINGW64 ~ (bug2|REBASE 2/2)
$ git rebase --abort

Pc@limousine-rat MINGW64 ~ (bug2)
$ git checkout master
Switched to branch 'master'

Pc@limousine-rat MINGW64 ~ (master)
$ git merge bug2
Auto-merging SILab1Main.java
CONFLICT (content): Merge conflict in SILab1Main.java
Automatic merge failed; fix conflicts and then commit the result.

Pc@limousine-rat MINGW64 ~ (master|MERGING)
$ git checkout bug2
SILab1Main.java: needs merge
error: you need to resolve your current index first


Pc@limousine-rat MINGW64 ~ (master|MERGING)
$ git pull origin master
error: Pulling is not possible because you have unmerged files.
hint: Fix them up in the work tree, and then use 'git add/rm <file>'
hint: as appropriate to mark resolution and make a commit.
fatal: Exiting because of an unresolved conflict.

Pc@limousine-rat MINGW64 ~ (master|MERGING)


Pc@limousine-rat MINGW64 ~ (master|MERGING)
$ git merge --abort

Pc@limousine-rat MINGW64 ~ (master)
$ git pull origin master
From https://github.com/kranoxje/SI_2024_lab1_233295
 * branch            master     -> FETCH_HEAD
Already up to date.

Pc@limousine-rat MINGW64 ~ (master)
$ git checkout bug1
Switched to branch 'bug1'

Pc@limousine-rat MINGW64 ~ (bug1)
$ git pull origin master
From https://github.com/kranoxje/SI_2024_lab1_233295
 * branch            master     -> FETCH_HEAD
Already up to date.

Pc@limousine-rat MINGW64 ~ (bug1)
$ git checkout bug2
Switched to branch 'bug2'

Pc@limousine-rat MINGW64 ~ (bug2)
$ git pull origin master
From https://github.com/kranoxje/SI_2024_lab1_233295
 * branch            master     -> FETCH_HEAD
Already up to date.

Pc@limousine-rat MINGW64 ~ (bug2)
$ git checkout master
Switched to branch 'master'

